Microchip Technology Inc, v1.33 (A)

Tool Name:
  c:\program files (x86)\microchip\xc16\v1.33\bin\bin\..\bin/elf-ld.exe

Command:
  -p33EP16GS504 \
  -o \
  dist/default/debug/VMC_BUCK.X.debug.elf \
  -Lc:/program files (x86)/microchip/xc16/v1.33/bin/bin/.. \
  -Lc:/program files (x86)/microchip/xc16/v1.33/bin/bin/../../lib \
  -Lc:/program files (x86)/microchip/xc16/v1.33/bin/bin/../../support/PIC24E/gld \
  -Lc:/program files (x86)/microchip/xc16/v1.33/bin/bin/../../support/PIC24F/gld \
  -Lc:/program files (x86)/microchip/xc16/v1.33/bin/bin/../../support/PIC24H/gld \
  -Lc:/program files (x86)/microchip/xc16/v1.33/bin/bin/../../support/dsPIC30F/gld \
  -Lc:/program files (x86)/microchip/xc16/v1.33/bin/bin/../../support/dsPIC33C/gld \
  -Lc:/program files (x86)/microchip/xc16/v1.33/bin/bin/../../support/dsPIC33E/gld \
  -Lc:/program files (x86)/microchip/xc16/v1.33/bin/bin/../../support/dsPIC33F/gld \
  build/default/debug/src/lcd_display.o \
  build/default/debug/src/main.o \
  build/default/debug/src/control.o \
  build/default/debug/src/low_pri_interrupts.o \
  build/default/debug/src/configurationbits.o \
  build/default/debug/src/lcd.o \
  build/default/debug/src/init_uart.o \
  build/default/debug/src/init_adc.o \
  build/default/debug/src/init_osc.o \
  build/default/debug/src/init_pwm.o \
  build/default/debug/src/init_timer.o \
  build/default/debug/src/init_gpio.o \
  build/default/debug/src/C_source_template.o \
  -TC:\\Users\\RAJESH~1\\AppData\\Local\\Temp\\tmp000027e8.00 \
  -TC:\\Users\\RAJESH~1\\AppData\\Local\\Temp\\tmp000027e8.01 \
  -TC:\\Users\\RAJESH~1\\AppData\\Local\\Temp\\tmp000027e8.02 \
  -TC:\\Users\\RAJESH~1\\AppData\\Local\\Temp\\tmp000027e8.03 \
  -TC:\\Users\\RAJESH~1\\AppData\\Local\\Temp\\tmp000027e8.04 \
  -TC:\\Users\\RAJESH~1\\AppData\\Local\\Temp\\tmp000027e8.05 \
  -TC:\\Users\\RAJESH~1\\AppData\\Local\\Temp\\tmp000027e8.06 \
  --local-stack \
  --defsym=__MPLAB_BUILD=1 \
  --defsym=__MPLAB_DEBUG=1 \
  --defsym=__DEBUG=1 \
  --defsym=__MPLAB_DEBUGGER_PK3=1 \
  -Tp33EP16GS504.gld.07 \
  --stack=16 \
  --check-sections \
  --data-init \
  --pack-data \
  --handles \
  --isr \
  --no-gc-sections \
  --fill-upper=0 \
  --stackguard=16 \
  --no-force-link \
  --smart-io \
  -Map=dist/default/debug/VMC_BUCK.X.debug.map \
  --report-mem \
  --memorysummary \
  dist/default/debug/memoryfile.xml \
  -start-group \
  --library=lega-pic30-elf \
  --library=m-elf \
  --library=lega-c-elf \
  -end-group \


Optional library libp33EP16GS504.a not found
Archive member included because of file (symbol)

c:/program files (x86)/microchip/xc16/v1.33/bin/bin/../../lib\liblega-pic30-elf.a(crt0_extendedep.o)
                              (__resetPRI)
c:/program files (x86)/microchip/xc16/v1.33/bin/bin/../../lib\liblega-pic30-elf.a(data_init_extended.o)
                              c:/program files (x86)/microchip/xc16/v1.33/bin/bin/../../lib\liblega-pic30-elf.a(crt0_extendedep.o) (__data_init_extended)
c:/program files (x86)/microchip/xc16/v1.33/bin/bin/../../lib\liblega-pic30-elf.a(crt_start_mode_normalep.Leo)
                              (__crt_start_mode_normal)
c:/program files (x86)/microchip/xc16/v1.33/bin/bin/../../lib\liblega-pic30-elf.a(delay32ep.Leo)
                              build/default/debug/src/init_pwm.o (___delay32)


Selected CodeGuard Options:
  FSEC:BWRP:OFF
  FSEC:BSS:DISABLED
  FSEC:BSEN:OFF
  FSEC:GWRP:OFF
  FSEC:GSS:DISABLED
  FSEC:CWRP:OFF
  FSEC:CSS:DISABLED
  FSEC:AIVTDIS:OFF

CodeGuard FLASH Memory:
  boot    (none)
  secure  (none)
  general 0x200 to 0x2b7e

CodeGuard RAM Memory:
  general 0x1000 to 0x17ff
  secure  (none)
  boot    (none)


xc16-ld 1.33 (A)

Program Memory  [Origin = 0x200, Length = 0x2980]

section                    address   length (PC units)   length (bytes) (dec)
-------                    -------   -----------------   --------------------
.text                        0x200               0x236           0x351  (849)
.text                        0x436               0x3b6           0x591  (1425)
.init.delay32                0x7ec                0x1c            0x2a  (42)
.dinit                       0x808                0x14            0x1e  (30)
.text                        0x81c                0x10            0x18  (24)

                 Total program memory used (bytes):          0x942  (2370) 14%


Ivt Memory  [Origin = 0x4, Length = 0x1fc]

section                    address   length (PC units)   length (bytes) (dec)
-------                    -------   -----------------   --------------------
.ivt._T1Interrupt             0x1a                 0x2             0x3  (3)
.ivt._ADCAN3Interrupt         0xf6                 0x2             0x3  (3)


Data Memory  [Origin = 0x1000, Length = 0x800]

section                    address      alignment gaps    total length  (dec)
-------                    -------      --------------    -------------------
reserve_data_0x1000         0x1000                0x1c            0x1c  (28)
[...]
Memory Configuration

Name             Origin             Length             Attributes
data             0x001000           0x000800           a !xr
reset            0x000000           0x000004  
ivt              0x000004           0x0001fc  
program          0x000200           0x002980           xr
FSEC             0x002b80           0x000002  
FBSLIM           0x002b90           0x000002  
FSIGN            0x002b94           0x000002  
FOSCSEL          0x002b98           0x000002  
FOSC             0x002b9c           0x000002  
FWDT             0x002ba0           0x000002  
FPOR             0x002ba4           0x000002  
FICD             0x002ba8           0x000002  
FDEVOPT          0x002bac           0x000002  
FALTREG          0x002bb0           0x000002  
*default*        0x000000           0xffffffff  
aivt             0x000000           0xffffffff  

Linker script and memory map

LOAD build/default/debug/src/lcd_display.o
LOAD build/default/debug/src/main.o
LOAD build/default/debug/src/control.o
LOAD build/default/debug/src/low_pri_interrupts.o
LOAD build/default/debug/src/configurationbits.o
LOAD build/default/debug/src/lcd.o
LOAD build/default/debug/src/init_uart.o
LOAD build/default/debug/src/init_adc.o
LOAD build/default/debug/src/init_osc.o
LOAD build/default/debug/src/init_pwm.o
LOAD build/default/debug/src/init_timer.o
LOAD build/default/debug/src/init_gpio.o
LOAD build/default/debug/src/C_source_template.o

reserve_data_0x1000
                    0x1000         0x1c
                    0x101c                  . = 0x1c
 *fill*             0x1000         0x1c00

reserve_data_0x101c
                    0x101c          0x2
                    0x101e                  . = 0x2
 *fill*             0x101c          0x200

reserve_data_0x101e
                    0x101e          0x2
                    0x1020                  . = 0x2
 *fill*             0x101e          0x200

reserve_data_0x1020
                    0x1020          0x2
                    0x1022                  . = 0x2
 *fill*             0x1020          0x200

reserve_data_0x1022
                    0x1022          0x2
                    0x1024                  . = 0x2
 *fill*             0x1022          0x200

reserve_data_0x1024
                    0x1024          0x4
                    0x1028                  . = 0x4
 *fill*             0x1024          0x400

reserve_data_0x1028
                    0x1028         0x28
                    0x1050                  . = 0x28
 *fill*             0x1028         0x2800
                    0x0001                  __MPLAB_BUILD = 0x1
                    0x0001                  __MPLAB_DEBUG = 0x1
                    0x0001                  __DEBUG = 0x1
                    0x0001                  __MPLAB_DEBUGGER_PK3 = 0x1
LOAD p33EP16GS504
LOAD c:/program files (x86)/microchip/xc16/v1.33/bin/bin/../../lib\libfx-elf.a
                    0x2b80                  __FSEC = 0x2b80
                    0x2b90                  __FBSLIM = 0x2b90
                    0x2b94                  __FSIGN = 0x2b94
                    0x2b98                  __FOSCSEL = 0x2b98
                    0x2b9c                  __FOSC = 0x2b9c
                    0x2ba0                  __FWDT = 0x2ba0
                    0x2ba4                  __FPOR = 0x2ba4
                    0x2ba8                  __FICD = 0x2ba8
                    0x2bac                  __FDEVOPT = 0x2bac
                    0x2bb0                  __FALTREG = 0x2bb0
                    0x0001                  __NO_HANDLES = 0x1
                    0x0200                  __CODE_BASE = 0x200
                    0x2980                  __CODE_LENGTH = 0x2980
                    0x0004                  __IVT_BASE = 0x4
                    0x1000                  __DATA_BASE = 0x1000
                    0x0800                  __DATA_LENGTH = 0x800
                    0x1400                  __YDATA_BASE = 0x1400

.reset            0x000000          0x4
                  0x000000          0x2 SHORT 0x200 ABSOLUTE (__reset)
                  0x000001          0x2 SHORT 0x4
                  0x000002          0x2 SHORT 0x0 ((ABSOLUTE (__reset) >> 0x10) & 0x7f)
                  0x000003          0x2 SHORT 0x0

.text             0x000200        0x236
 *(.init)
 .init            0x000200         0x48 c:/program files (x86)/microchip/xc16/v1.33/bin/bin/../../lib\liblega-pic30-elf.a(crt0_extendedep.o)
                  0x000200                  __resetPRI
                  0x000200                  __reset
                  0x00023c                  __psv_init
 .init            0x000248         0xb2 c:/program files (x86)/microchip/xc16/v1.33/bin/bin/../../lib\liblega-pic30-elf.a(data_init_extended.o)
                  0x000248                  __data_init
                  0x000248                  __data_init_extended
 *(.user_init)
 *(.handle)
 *(.isr*)
 .isr.text        0x0002fa         0x7e build/default/debug/src/control.o
                  0x0002fa                  __ADCAN3Interrupt
 .isr.text        0x000378         0xb8 build/default/debug/src/low_pri_interrupts.o
                  0x000378                  __T1Interrupt
 .isr             0x000430          0x4 default_isr
                  0x000430                  __DefaultInterrupt
 *(.libc)
 *(.libm)
 *(.libdsp)
 *(.lib*)
 .libpic30_crt_start_mode
                  0x000434          0x2 c:/program files (x86)/microchip/xc16/v1.33/bin/bin/../../lib\liblega-pic30-elf.a(crt_start_mode_normalep.Leo)
                  0x000434                  __crt_start_mode
                  0x000434                  __crt_start_mode_normal

usercode
 *(usercode)

__FSEC            0x002b80          0x2
 *(__FSEC.sec*)
 __FSEC.sec       0x002b80          0x2 FSEC
                  0x002b80                  __FSEC.sec

__FBSLIM
 *(__FBSLIM.sec*)

__FSIGN
 *(__FSIGN.sec*)

__FOSCSEL
 *(__FOSCSEL.sec*)

__FOSC
 *(__FOSC.sec*)

__FWDT
 *(__FWDT.sec*)

__FPOR
 *(__FPOR.sec*)

__FICD
 *(__FICD.sec*)

__FDEVOPT
 *(__FDEVOPT.sec*)

__FALTREG
 *(__FALTREG.sec*)

.comment
 *(.comment)

.debug_info       0x000000       0x7200
 *(.debug_info)
 .debug_info      0x000000        0x156 build/default/debug/src/lcd_display.o
 .debug_info      0x000156        0x2df build/default/debug/src/main.o
 .debug_info      0x000435        0x73c build/default/debug/src/control.o
 .debug_info      0x000b71        0x923 build/default/debug/src/low_pri_interrupts.o
 .debug_info      0x001494        0x15c build/default/debug/src/configurationbits.o
 .debug_info      0x0015f0        0x162 build/default/debug/src/lcd.o
 .debug_info      0x001752        0xf2f build/default/debug/src/init_uart.o
 .debug_info      0x002681       0x286c build/default/debug/src/init_adc.o
 .debug_info      0x004eed        0x554 build/default/debug/src/init_osc.o
 .debug_info      0x005441        0xdb4 build/default/debug/src/init_pwm.o
 .debug_info      0x0061f5        0x77e build/default/debug/src/init_timer.o
 .debug_info      0x006973        0x731 build/default/debug/src/init_gpio.o
 .debug_info      0x0070a4        0x15c build/default/debug/src/C_source_template.o
 *(.gnu.linkonce.wi.*)

.debug_abbrev     0x000000        0x7b8
 *(.debug_abbrev)
 .debug_abbrev    0x000000         0x1f build/default/debug/src/lcd_display.o
 .debug_abbrev    0x00001f         0x8c build/default/debug/src/main.o
 .debug_abbrev    0x0000ab        0x11b build/default/debug/src/control.o
 .debug_abbrev    0x0001c6        0x119 build/default/debug/src/low_pri_interrupts.o
 .debug_abbrev    0x0002df         0x1f build/default/debug/src/configurationbits.o
 .debug_abbrev    0x0002fe         0x30 build/default/debug/src/lcd.o
 .debug_abbrev    0x00032e         0xc5 build/default/debug/src/init_uart.o
 .debug_abbrev    0x0003f3         0xc9 build/default/debug/src/init_adc.o
 .debug_abbrev    0x0004bc         0xc7 build/default/debug/src/init_osc.o
 .debug_abbrev    0x000583         0xc7 build/default/debug/src/init_pwm.o
 .debug_abbrev    0x00064a         0xc5 build/default/debug/src/init_timer.o
 .debug_abbrev    0x00070f         0x8a build/default/debug/src/init_gpio.o
 .debug_abbrev    0x000799         0x1f build/default/debug/src/C_source_template.o

.debug_line       0x000000        0xa2f
 *(.debug_line)
 .debug_line      0x000000         0x1a build/default/debug/src/lcd_display.o
 .debug_line      0x00001a         0xf2 build/default/debug/src/main.o
 .debug_line      0x00010c        0x11e build/default/debug/src/control.o
 .debug_line      0x00022a        0x132 build/default/debug/src/low_pri_interrupts.o
 .debug_line      0x00035c         0x1a build/default/debug/src/configurationbits.o
 .debug_line      0x000376         0x27 build/default/debug/src/lcd.o
 .debug_line      0x00039d        0x103 build/default/debug/src/init_uart.o
 .debug_line      0x0004a0        0x15b build/default/debug/src/init_adc.o
 .debug_line      0x0005fb         0xf9 build/default/debug/src/init_osc.o
 .debug_line      0x0006f4        0x118 build/default/debug/src/init_pwm.o
 .debug_line      0x00080c         0xfc build/default/debug/src/init_timer.o
 .debug_line      0x000908        0x10d build/default/debug/src/init_gpio.o
 .debug_line      0x000a15         0x1a build/default/debug/src/C_source_template.o

.debug_frame      0x000000        0x1f8
 *(.debug_frame)
 .debug_frame     0x000000         0x30 build/default/debug/src/main.o
 .debug_frame     0x000030         0x38 build/default/debug/src/control.o
 .debug_frame     0x000068         0x38 build/default/debug/src/low_pri_interrupts.o
 .debug_frame     0x0000a0         0x30 build/default/debug/src/init_uart.o
 .debug_frame     0x0000d0         0x68 build/default/debug/src/init_adc.o
 .debug_frame     0x000138         0x30 build/default/debug/src/init_osc.o
 .debug_frame     0x000168         0x30 build/default/debug/src/init_pwm.o
 .debug_frame     0x000198         0x30 build/default/debug/src/init_timer.o
 .debug_frame     0x0001c8         0x30 build/default/debug/src/init_gpio.o

.debug_str        0x000000        0x3a0
 *(.debug_str)
 .debug_str       0x000000          0xa build/default/debug/src/main.o
 .debug_str       0x00000a         0x95 build/default/debug/src/control.o
 .debug_str       0x00009f         0x53 build/default/debug/src/low_pri_interrupts.o
 .debug_str       0x0000f2         0x50 build/default/debug/src/init_uart.o
 .debug_str       0x000142        0x19e build/default/debug/src/init_adc.o
 .debug_str       0x0002e0         0x16 build/default/debug/src/init_osc.o
 .debug_str       0x0002f6         0x50 build/default/debug/src/init_pwm.o
 .debug_str       0x000346         0x25 build/default/debug/src/init_timer.o
 .debug_str       0x00036b         0x35 build/default/debug/src/init_gpio.o

.debug_loc
 *(.debug_loc)

.debug_macinfo
 *(.debug_macinfo)

.debug_pubnames
                  0x000000        0x29b
 *(.debug_pubnames)
 .debug_pubnames
                  0x000000         0x1b build/default/debug/src/main.o
 .debug_pubnames
                  0x00001b        0x107 build/default/debug/src/control.o
 .debug_pubnames
                  0x000122         0x76 build/default/debug/src/low_pri_interrupts.o
 .debug_pubnames
                  0x000198         0x1c build/default/debug/src/lcd.o
 .debug_pubnames
                  0x0001b4         0x20 build/default/debug/src/init_uart.o
 .debug_pubnames
                  0x0001d4         0x48 build/default/debug/src/init_adc.o
 .debug_pubnames
                  0x00021c         0x1f build/default/debug/src/init_osc.o
 .debug_pubnames
                  0x00023b         0x1f build/default/debug/src/init_pwm.o
 .debug_pubnames
                  0x00025a         0x21 build/default/debug/src/init_timer.o
 .debug_pubnames
                  0x00027b         0x20 build/default/debug/src/init_gpio.o

.debug_ranges
 *(.debug_ranges)

.debug_aranges    0x000000         0xd8
 *(.debug_aranges)
 .debug_aranges
                  0x000000         0x18 build/default/debug/src/main.o
 .debug_aranges
                  0x000018         0x18 build/default/debug/src/control.o
 .debug_aranges
                  0x000030         0x18 build/default/debug/src/low_pri_interrupts.o
 .debug_aranges
                  0x000048         0x18 build/default/debug/src/init_uart.o
 .debug_aranges
                  0x000060         0x18 build/default/debug/src/init_adc.o
 .debug_aranges
                  0x000078         0x18 build/default/debug/src/init_osc.o
 .debug_aranges
                  0x000090         0x18 build/default/debug/src/init_pwm.o
 .debug_aranges
                  0x0000a8         0x18 build/default/debug/src/init_timer.o
 .debug_aranges
                  0x0000c0         0x18 build/default/debug/src/init_gpio.o
                    0x0000                  WREG0 = 0x0
                    0x0000                  _WREG0 = 0x0
                    0x0002                  WREG1 = 0x2
                    0x0002                  _WREG1 = 0x2
                    0x0004                  WREG2 = 0x4
                    0x0004                  _WREG2 = 0x4
                    0x0006                  WREG3 = 0x6
                    0x0006                  _WREG3 = 0x6
                    0x0008                  WREG4 = 0x8
                    0x0008                  _WREG4 = 0x8
                    0x000a                  WREG5 = 0xa
                    0x000a                  _WREG5 = 0xa
                    0x000c                  WREG6 = 0xc
                    0x000c                  _WREG6 = 0xc
                    0x000e                  WREG7 = 0xe
                    0x000e                  _WREG7 = 0xe
                    0x0010                  WREG8 = 0x10
                    0x0010                  _WREG8 = 0x10
                    0x0012                  WREG9 = 0x12
                    0x0012                  _WREG9 = 0x12
                    0x0014                  WREG10 = 0x14
                    0x0014                  _WREG10 = 0x14
                    0x0016                  WREG11 = 0x16
                    0x0016                  _WREG11 = 0x16
                    0x0018                  WREG12 = 0x18
                    0x0018                  _WREG12 = 0x18
                    0x001a                  WREG13 = 0x1a
                    0x001a                  _WREG13 = 0x1a
                    0x001c                  WREG14 = 0x1c
                    0x001c                  _WREG14 = 0x1c
                    0x001e                  WREG15 = 0x1e
                    0x001e                  _WREG15 = 0x1e
                    0x0020                  SPLIM = 0x20
                    0x0020                  _SPLIM = 0x20
                    0x0022                  ACCAL = 0x22
                    0x0022                  _ACCAL = 0x22
                    0x0024                  ACCAH = 0x24
                    0x0024                  _ACCAH = 0x24
                    0x0026                  ACCAU = 0x26
                    0x0026                  _ACCAU = 0x26
                    0x0028                  ACCBL = 0x28
                    0x0028                  _ACCBL = 0x28
                    0x002a                  ACCBH = 0x2a
                    0x002a                  _ACCBH = 0x2a
                    0x002c                  ACCBU = 0x2c
                    0x002c                  _ACCBU = 0x2c
                    0x002e                  PCL = 0x2e
                    0x002e                  _PCL = 0x2e
                    0x0030                  PCH = 0x30
                    0x0030                  _PCH = 0x30
                    0x0032                  DSRPAG = 0x32
                    0x0032                  _DSRPAG = 0x32
                    0x0032                  _DSRPAGbits = 0x32
                    0x0034                  DSWPAG = 0x34
                    0x0034                  _DSWPAG = 0x34
                    0x0034                  _DSWPAGbits = 0x34
                    0x0036                  RCOUNT = 0x36
                    0x0036                  _RCOUNT = 0x36
                    0x0038                  DCOUNT = 0x38
                    0x0038                  _DCOUNT = 0x38
                    0x003a                  DOSTARTL = 0x3a
                    0x003a                  _DOSTARTL = 0x3a
                    0x003c                  DOSTARTH = 0x3c
                    0x003c                  _DOSTARTH = 0x3c
                    0x003e                  DOENDL = 0x3e
                    0x003e                  _DOENDL = 0x3e
                    0x0040                  DOENDH = 0x40
                    0x0040                  _DOENDH = 0x40
                    0x0042                  SR = 0x42
                    0x0042                  _SR = 0x42
                    0x0042                  _SRbits = 0x42
                    0x0044                  CORCON = 0x44
                    0x0044                  _CORCON = 0x44
                    0x0044                  _CORCONbits = 0x44
                    0x0046                  MODCON = 0x46
                    0x0046                  _MODCON = 0x46
                    0x0046                  _MODCONbits = 0x46
                    0x0048                  XMODSRT = 0x48
                    0x0048                  _XMODSRT = 0x48
                    0x004a                  XMODEND = 0x4a
                    0x004a                  _XMODEND = 0x4a
                    0x004c                  YMODSRT = 0x4c
                    0x004c                  _YMODSRT = 0x4c
                    0x004e                  YMODEND = 0x4e
                    0x004e                  _YMODEND = 0x4e
                    0x0050                  XBREV = 0x50
                    0x0050                  _XBREV = 0x50
                    0x0050                  _XBREVbits = 0x50
                    0x0052                  DISICNT = 0x52
                    0x0052                  _DISICNT = 0x52
                    0x0054                  TBLPAG = 0x54
                    0x0054                  _TBLPAG = 0x54
                    0x0054                  _TBLPAGbits = 0x54
                    0x005a                  CTXTSTAT = 0x5a
                    0x005a                  _CTXTSTAT = 0x5a
                    0x005a                  _CTXTSTATbits = 0x5a
                    0x0100                  TMR1 = 0x100
                    0x0100                  _TMR1 = 0x100
                    0x0102                  PR1 = 0x102
                    0x0102                  _PR1 = 0x102
                    0x0104                  T1CON = 0x104
                    0x0104                  _T1CON = 0x104
                    0x0104                  _T1CONbits = 0x104
                    0x0106                  TMR2 = 0x106
                    0x0106                  _TMR2 = 0x106
                    0x0108                  TMR3HLD = 0x108
                    0x0108                  _TMR3HLD = 0x108
                    0x010a                  TMR3 = 0x10a
                    0x010a                  _TMR3 = 0x10a
                    0x010c                  PR2 = 0x10c
                    0x010c                  _PR2 = 0x10c
                    0x010e                  PR3 = 0x10e
                    0x010e                  _PR3 = 0x10e
                    0x0110                  T2CON = 0x110
                    0x0110                  _T2CON = 0x110
                    0x0110                  _T2CONbits = 0x110
                    0x0112                  T3CON = 0x112
                    0x0112                  _T3CON = 0x112
                    0x0112                  _T3CONbits = 0x112
                    0x0114                  TMR4 = 0x114
                    0x0114                  _TMR4 = 0x114
                    0x0116                  TMR5HLD = 0x116
                    0x0116                  _TMR5HLD = 0x116
                    0x0118                  TMR5 = 0x118
                    0x0118                  _TMR5 = 0x118
                    0x011a                  PR4 = 0x11a
                    0x011a                  _PR4 = 0x11a
                    0x011c                  PR5 = 0x11c
                    0x011c                  _PR5 = 0x11c
                    0x011e                  T4CON = 0x11e
                    0x011e                  _T4CON = 0x11e
                    0x011e                  _T4CONbits = 0x11e
                    0x0120                  T5CON = 0x120
                    0x0120                  _T5CON = 0x120
                    0x0120                  _T5CONbits = 0x120
                    0x0140                  IC1CON1 = 0x140
                    0x0140                  _IC1CON1 = 0x140
                    0x0140                  _IC1CON1bits = 0x140
                    0x0142                  IC1CON2 = 0x142
                    0x0142                  _IC1CON2 = 0x142
                    0x0142                  _IC1CON2bits = 0x142
                    0x0144                  IC1BUF = 0x144
                    0x0144                  _IC1BUF = 0x144
                    0x0146                  IC1TMR = 0x146
                    0x0146                  _IC1TMR = 0x146
                    0x0148                  IC2CON1 = 0x148
                    0x0148                  _IC2CON1 = 0x148
                    0x0148                  _IC2CON1bits = 0x148
                    0x014a                  IC2CON2 = 0x14a
                    0x014a                  _IC2CON2 = 0x14a
                    0x014a                  _IC2CON2bits = 0x14a
                    0x014c                  IC2BUF = 0x14c
                    0x014c                  _IC2BUF = 0x14c
                    0x014e                  IC2TMR = 0x14e
                    0x014e                  _IC2TMR = 0x14e
                    0x0150                  IC3CON1 = 0x150
                    0x0150                  _IC3CON1 = 0x150
                    0x0150                  _IC3CON1bits = 0x150
                    0x0152                  IC3CON2 = 0x152
                    0x0152                  _IC3CON2 = 0x152
                    0x0152                  _IC3CON2bits = 0x152
                    0x0154                  IC3BUF = 0x154
                    0x0154                  _IC3BUF = 0x154
                    0x0156                  IC3TMR = 0x156
                    0x0156                  _IC3TMR = 0x156
                    0x0158                  IC4CON1 = 0x158
                    0x0158                  _IC4CON1 = 0x158
                    0x0158                  _IC4CON1bits = 0x158
                    0x015a                  IC4CON2 = 0x15a
                    0x015a                  _IC4CON2 = 0x15a
                    0x015a                  _IC4CON2bits = 0x15a
                    0x015c                  IC4BUF = 0x15c
                    0x015c                  _IC4BUF = 0x15c
                    0x015e                  IC4TMR = 0x15e
                    0x015e                  _IC4TMR = 0x15e
                    0x0200                  I2C1CON1 = 0x200
                    0x0200                  _I2C1CON1 = 0x200
                    0x0200                  _I2C1CON1bits = 0x200
                    0x0200                  I2C1CONL = 0x200
                    0x0200                  _I2C1CONL = 0x200
                    0x0200                  _I2C1CONLbits = 0x200
                    0x0202                  I2C1CON2 = 0x202
                    0x0202                  _I2C1CON2 = 0x202
                    0x0202                  _I2C1CON2bits = 0x202
                    0x0202                  I2C1CONH = 0x202
                    0x0202                  _I2C1CONH = 0x202
                    0x0202                  _I2C1CONHbits = 0x202
                    0x0204                  I2C1STAT = 0x204
                    0x0204                  _I2C1STAT = 0x204
                    0x0204                  _I2C1STATbits = 0x204
                    0x0206                  I2C1ADD = 0x206
                    0x0206                  _I2C1ADD = 0x206
                    0x0206                  _I2C1ADDbits = 0x206
                    0x0208                  I2C1MSK = 0x208
                    0x0208                  _I2C1MSK = 0x208
                    0x0208                  _I2C1MSKbits = 0x208
                    0x020a                  I2C1BRG = 0x20a
                    0x020a                  _I2C1BRG = 0x20a
                    0x020c                  I2C1TRN = 0x20c
                    0x020c                  _I2C1TRN = 0x20c
                    0x020c                  _I2C1TRNbits = 0x20c
                    0x020e                  I2C1RCV = 0x20e
                    0x020e                  _I2C1RCV = 0x20e
                    0x020e                  _I2C1RCVbits = 0x20e
                    0x0210                  I2C2CON1 = 0x210
                    0x0210                  _I2C2CON1 = 0x210
                    0x0210                  _I2C2CON1bits = 0x210
                    0x0210                  I2C2CONL = 0x210
                    0x0210                  _I2C2CONL = 0x210
                    0x0210                  _I2C2CONLbits = 0x210
                    0x0212                  I2C2CON2 = 0x212
                    0x0212                  _I2C2CON2 = 0x212
                    0x0212                  _I2C2CON2bits = 0x212
                    0x0212                  I2C2CONH = 0x212
                    0x0212                  _I2C2CONH = 0x212
                    0x0212                  _I2C2CONHbits = 0x212
                    0x0214                  I2C2STAT = 0x214
                    0x0214                  _I2C2STAT = 0x214
                    0x0214                  _I2C2STATbits = 0x214
                    0x0216                  I2C2ADD = 0x216
                    0x0216                  _I2C2ADD = 0x216
                    0x0216                  _I2C2ADDbits = 0x216
                    0x0218                  I2C2MSK = 0x218
                    0x0218                  _I2C2MSK = 0x218
                    0x0218                  _I2C2MSKbits = 0x218
                    0x021a                  I2C2BRG = 0x21a
                    0x021a                  _I2C2BRG = 0x21a
                    0x021c                  I2C2TRN = 0x21c
                    0x021c                  _I2C2TRN = 0x21c
                    0x021c                  _I2C2TRNbits = 0x21c
                    0x021e                  I2C2RCV = 0x21e
                    0x021e                  _I2C2RCV = 0x21e
                    0x021e                  _I2C2RCVbits = 0x21e
                    0x0220                  U1MODE = 0x220
                    0x0220                  _U1MODE = 0x220
                    0x0220                  _U1MODEbits = 0x220
                    0x0222                  U1STA = 0x222
                    0x0222                  _U1STA = 0x222
                    0x0222                  _U1STAbits = 0x222
                    0x0224                  U1TXREG = 0x224
                    0x0224                  _U1TXREG = 0x224
                    0x0226                  U1RXREG = 0x226
                    0x0226                  _U1RXREG = 0x226
                    0x0228                  U1BRG = 0x228
                    0x0228                  _U1BRG = 0x228
                    0x0230                  U2MODE = 0x230
                    0x0230                  _U2MODE = 0x230
                    0x0230                  _U2MODEbits = 0x230
                    0x0232                  U2STA = 0x232
                    0x0232                  _U2STA = 0x232
                    0x0232                  _U2STAbits = 0x232
                    0x0234                  U2TXREG = 0x234
                    0x0234                  _U2TXREG = 0x234
                    0x0236                  U2RXREG = 0x236
                    0x0236                  _U2RXREG = 0x236
                    0x0238                  U2BRG = 0x238
                    0x0238                  _U2BRG = 0x238
                    0x0240                  SPI1STAT = 0x240
                    0x0240                  _SPI1STAT = 0x240
                    0x0240                  _SPI1STATbits = 0x240
                    0x0242                  SPI1CON1 = 0x242
                    0x0242                  _SPI1CON1 = 0x242
                    0x0242                  _SPI1CON1bits = 0x242
                    0x0244                  SPI1CON2 = 0x244
                    0x0244                  _SPI1CON2 = 0x244
                    0x0244                  _SPI1CON2bits = 0x244
                    0x0248                  SPI1BUF = 0x248
                    0x0248                  _SPI1BUF = 0x248
                    0x0260                  SPI2STAT = 0x260
                    0x0260                  _SPI2STAT = 0x260
                    0x0260                  _SPI2STATbits = 0x260
                    0x0262                  SPI2CON1 = 0x262
                    0x0262                  _SPI2CON1 = 0x262
                    0x0262                  _SPI2CON1bits = 0x262
                    0x0264                  SPI2CON2 = 0x264
                    0x0264                  _SPI2CON2 = 0x264
                    0x0264                  _SPI2CON2bits = 0x264
                    0x0268                  SPI2BUF = 0x268
                    0x0268                  _SPI2BUF = 0x268
                    0x0300                  ADCON1L = 0x300
                    0x0300                  _ADCON1L = 0x300
                    0x0300                  _ADCON1Lbits = 0x300
                    0x0302                  ADCON1H = 0x302
                    0x0302                  _ADCON1H = 0x302
                    0x0302                  _ADCON1Hbits = 0x302
                    0x0304                  ADCON2L = 0x304
                    0x0304                  _ADCON2L = 0x304
                    0x0304                  _ADCON2Lbits = 0x304
                    0x0306                  ADCON2H = 0x306
                    0x0306                  _ADCON2H = 0x306
                    0x0306                  _ADCON2Hbits = 0x306
                    0x0308                  ADCON3L = 0x308
                    0x0308                  _ADCON3L = 0x308
                    0x0308                  _ADCON3Lbits = 0x308
                    0x030a                  ADCON3H = 0x30a
                    0x030a                  _ADCON3H = 0x30a
                    0x030a                  _ADCON3Hbits = 0x30a
                    0x030c                  ADCON4L = 0x30c
                    0x030c                  _ADCON4L = 0x30c
                    0x030c                  _ADCON4Lbits = 0x30c
                    0x030e                  ADCON4H = 0x30e
                    0x030e                  _ADCON4H = 0x30e
                    0x030e                  _ADCON4Hbits = 0x30e
                    0x0310                  ADMOD0L = 0x310
                    0x0310                  _ADMOD0L = 0x310
                    0x0310                  _ADMOD0Lbits = 0x310
                    0x0312                  ADMOD0H = 0x312
                    0x0312                  _ADMOD0H = 0x312
                    0x0312                  _ADMOD0Hbits = 0x312
                    0x0314                  ADMOD1L = 0x314
                    0x0314                  _ADMOD1L = 0x314
                    0x0314                  _ADMOD1Lbits = 0x314
                    0x0320                  ADIEL = 0x320
                    0x0320                  _ADIEL = 0x320
                    0x0320                  _ADIELbits = 0x320
                    0x0322                  ADIEH = 0x322
                    0x0322                  _ADIEH = 0x322
                    0x0322                  _ADIEHbits = 0x322
                    0x0330                  ADSTATL = 0x330
                    0x0330                  _ADSTATL = 0x330
                    0x0330                  _ADSTATLbits = 0x330
                    0x0332                  ADSTATH = 0x332
                    0x0332                  _ADSTATH = 0x332
                    0x0332                  _ADSTATHbits = 0x332
                    0x0338                  ADCMP0ENL = 0x338
                    0x0338                  _ADCMP0ENL = 0x338
                    0x0338                  _ADCMP0ENLbits = 0x338
                    0x033a                  ADCMP0ENH = 0x33a
                    0x033a                  _ADCMP0ENH = 0x33a
                    0x033a                  _ADCMP0ENHbits = 0x33a
                    0x033c                  ADCMP0LO = 0x33c
                    0x033c                  _ADCMP0LO = 0x33c
                    0x033e                  ADCMP0HI = 0x33e
                    0x033e                  _ADCMP0HI = 0x33e
                    0x0340                  ADCMP1ENL = 0x340
                    0x0340                  _ADCMP1ENL = 0x340
                    0x0340                  _ADCMP1ENLbits = 0x340
                    0x0342                  ADCMP1ENH = 0x342
                    0x0342                  _ADCMP1ENH = 0x342
                    0x0342                  _ADCMP1ENHbits = 0x342
                    0x0344                  ADCMP1LO = 0x344
                    0x0344                  _ADCMP1LO = 0x344
                    0x0346                  ADCMP1HI = 0x346
                    0x0346                  _ADCMP1HI = 0x346
                    0x0368                  ADFL0DAT = 0x368
                    0x0368                  _ADFL0DAT = 0x368
                    0x036a                  ADFL0CON = 0x36a
                    0x036a                  _ADFL0CON = 0x36a
                    0x036a                  _ADFL0CONbits = 0x36a
                    0x036c                  ADFL1DAT = 0x36c
                    0x036c                  _ADFL1DAT = 0x36c
                    0x036e                  ADFL1CON = 0x36e
                    0x036e                  _ADFL1CON = 0x36e
                    0x036e                  _ADFL1CONbits = 0x36e
                    0x0380                  ADTRIG0L = 0x380
                    0x0380                  _ADTRIG0L = 0x380
                    0x0380                  _ADTRIG0Lbits = 0x380
                    0x0382                  ADTRIG0H = 0x382
                    0x0382                  _ADTRIG0H = 0x382
                    0x0382                  _ADTRIG0Hbits = 0x382
                    0x0384                  ADTRIG1L = 0x384
                    0x0384                  _ADTRIG1L = 0x384
                    0x0384                  _ADTRIG1Lbits = 0x384
                    0x0386                  ADTRIG1H = 0x386
                    0x0386                  _ADTRIG1H = 0x386
                    0x0386                  _ADTRIG1Hbits = 0x386
                    0x0388                  ADTRIG2L = 0x388
                    0x0388                  _ADTRIG2L = 0x388
                    0x0388                  _ADTRIG2Lbits = 0x388
                    0x038a                  ADTRIG2H = 0x38a
                    0x038a                  _ADTRIG2H = 0x38a
                    0x038a                  _ADTRIG2Hbits = 0x38a
                    0x038c                  ADTRIG3L = 0x38c
                    0x038c                  _ADTRIG3L = 0x38c
                    0x038c                  _ADTRIG3Lbits = 0x38c
                    0x038e                  ADTRIG3H = 0x38e
                    0x038e                  _ADTRIG3H = 0x38e
                    0x038e                  _ADTRIG3Hbits = 0x38e
                    0x0390                  ADTRIG4L = 0x390
                    0x0390                  _ADTRIG4L = 0x390
                    0x0390                  _ADTRIG4Lbits = 0x390
                    0x0392                  ADTRIG4H = 0x392
                    0x0392                  _ADTRIG4H = 0x392
                    0x0392                  _ADTRIG4Hbits = 0x392
                    0x0394                  ADTRIG5L = 0x394
                    0x0394                  _ADTRIG5L = 0x394
                    0x0394                  _ADTRIG5Lbits = 0x394
                    0x03a0                  ADCMP0CON = 0x3a0
                    0x03a0                  _ADCMP0CON = 0x3a0
                    0x03a0                  _ADCMP0CONbits = 0x3a0
                    0x03a4                  ADCMP1CON = 0x3a4
                    0x03a4                  _ADCMP1CON = 0x3a4
                    0x03a4                  _ADCMP1CONbits = 0x3a4
                    0x03d0                  ADLVLTRGL = 0x3d0
                    0x03d0                  _ADLVLTRGL = 0x3d0
                    0x03d0                  _ADLVLTRGLbits = 0x3d0
                    0x03d2                  ADLVLTRGH = 0x3d2
                    0x03d2                  _ADLVLTRGH = 0x3d2
                    0x03d2                  _ADLVLTRGHbits = 0x3d2
                    0x03d4                  ADCORE0L = 0x3d4
                    0x03d4                  _ADCORE0L = 0x3d4
                    0x03d4                  _ADCORE0Lbits = 0x3d4
                    0x03d6                  ADCORE0H = 0x3d6
                    0x03d6                  _ADCORE0H = 0x3d6
                    0x03d6                  _ADCORE0Hbits = 0x3d6
                    0x03d8                  ADCORE1L = 0x3d8
                    0x03d8                  _ADCORE1L = 0x3d8
                    0x03d8                  _ADCORE1Lbits = 0x3d8
                    0x03da                  ADCORE1H = 0x3da
                    0x03da                  _ADCORE1H = 0x3da
                    0x03da                  _ADCORE1Hbits = 0x3da
                    0x03dc                  ADCORE2L = 0x3dc
                    0x03dc                  _ADCORE2L = 0x3dc
                    0x03dc                  _ADCORE2Lbits = 0x3dc
                    0x03de                  ADCORE2H = 0x3de
                    0x03de                  _ADCORE2H = 0x3de
                    0x03de                  _ADCORE2Hbits = 0x3de
                    0x03e0                  ADCORE3L = 0x3e0
                    0x03e0                  _ADCORE3L = 0x3e0
                    0x03e0                  _ADCORE3Lbits = 0x3e0
                    0x03e2                  ADCORE3H = 0x3e2
                    0x03e2                  _ADCORE3H = 0x3e2
                    0x03e2                  _ADCORE3Hbits = 0x3e2
                    0x03f0                  ADEIEL = 0x3f0
                    0x03f0                  _ADEIEL = 0x3f0
                    0x03f0                  _ADEIELbits = 0x3f0
                    0x03f2                  ADEIEH = 0x3f2
                    0x03f2                  _ADEIEH = 0x3f2
                    0x03f2                  _ADEIEHbits = 0x3f2
                    0x03f8                  ADEISTATL = 0x3f8
                    0x03f8                  _ADEISTATL = 0x3f8
                    0x03f8                  _ADEISTATLbits = 0x3f8
                    0x03fa                  ADEISTATH = 0x3fa
                    0x03fa                  _ADEISTATH = 0x3fa
                    0x03fa                  _ADEISTATHbits = 0x3fa
                    0x0400                  ADCON5L = 0x400
                    0x0400                  _ADCON5L = 0x400
                    0x0400                  _ADCON5Lbits = 0x400
                    0x0402                  ADCON5H = 0x402
                    0x0402                  _ADCON5H = 0x402
                    0x0402                  _ADCON5Hbits = 0x402
                    0x0404                  ADCAL0L = 0x404
                    0x0404                  _ADCAL0L = 0x404
                    0x0404                  _ADCAL0Lbits = 0x404
                    0x0406                  ADCAL0H = 0x406
                    0x0406                  _ADCAL0H = 0x406
                    0x0406                  _ADCAL0Hbits = 0x406
                    0x040a                  ADCAL1H = 0x40a
                    0x040a                  _ADCAL1H = 0x40a
                    0x040a                  _ADCAL1Hbits = 0x40a
                    0x040c                  ADCBUF0 = 0x40c
                    0x040c                  _ADCBUF0 = 0x40c
                    0x040e                  ADCBUF1 = 0x40e
                    0x040e                  _ADCBUF1 = 0x40e
                    0x0410                  ADCBUF2 = 0x410
                    0x0410                  _ADCBUF2 = 0x410
                    0x0412                  ADCBUF3 = 0x412
                    0x0412                  _ADCBUF3 = 0x412
                    0x0414                  ADCBUF4 = 0x414
                    0x0414                  _ADCBUF4 = 0x414
                    0x0416                  ADCBUF5 = 0x416
                    0x0416                  _ADCBUF5 = 0x416
                    0x0418                  ADCBUF6 = 0x418
                    0x0418                  _ADCBUF6 = 0x418
                    0x041a                  ADCBUF7 = 0x41a
                    0x041a                  _ADCBUF7 = 0x41a
                    0x041c                  ADCBUF8 = 0x41c
                    0x041c                  _ADCBUF8 = 0x41c
                    0x041e                  ADCBUF9 = 0x41e
                    0x041e                  _ADCBUF9 = 0x41e
                    0x0420                  ADCBUF10 = 0x420
                    0x0420                  _ADCBUF10 = 0x420
                    0x0422                  ADCBUF11 = 0x422
                    0x0422                  _ADCBUF11 = 0x422
                    0x0424                  ADCBUF12 = 0x424
                    0x0424                  _ADCBUF12 = 0x424
                    0x0428                  ADCBUF14 = 0x428
                    0x0428                  _ADCBUF14 = 0x428
                    0x042e                  ADCBUF17 = 0x42e
                    0x042e                  _ADCBUF17 = 0x42e
                    0x0430                  ADCBUF18 = 0x430
                    0x0430                  _ADCBUF18 = 0x430
                    0x0432                  ADCBUF19 = 0x432
                    0x0432                  _ADCBUF19 = 0x432
                    0x0434                  ADCBUF20 = 0x434
                    0x0434                  _ADCBUF20 = 0x434
                    0x0436                  ADCBUF21 = 0x436
                    0x0436                  _ADCBUF21 = 0x436
                    0x0500                  ISRCCON = 0x500
                    0x0500                  _ISRCCON = 0x500
                    0x0500                  _ISRCCONbits = 0x500
                    0x0504                  PGA1CON = 0x504
                    0x0504                  _PGA1CON = 0x504
                    0x0504                  _PGA1CONbits = 0x504
                    0x0506                  PGA1CAL = 0x506
                    0x0506                  _PGA1CAL = 0x506
                    0x0506                  _PGA1CALbits = 0x506
                    0x0508                  PGA2CON = 0x508
                    0x0508                  _PGA2CON = 0x508
                    0x0508                  _PGA2CONbits = 0x508
                    0x050a                  PGA2CAL = 0x50a
                    0x050a                  _PGA2CAL = 0x50a
                    0x050a                  _PGA2CALbits = 0x50a
                    0x0540                  CMP1CON = 0x540
                    0x0540                  _CMP1CON = 0x540
                    0x0540                  _CMP1CONbits = 0x540
                    0x0542                  CMP1DAC = 0x542
                    0x0542                  _CMP1DAC = 0x542
                    0x0542                  _CMP1DACbits = 0x542
                    0x0544                  CMP2CON = 0x544
                    0x0544                  _CMP2CON = 0x544
                    0x0544                  _CMP2CONbits = 0x544
                    0x0546                  CMP2DAC = 0x546
                    0x0546                  _CMP2DAC = 0x546
                    0x0546                  _CMP2DACbits = 0x546
                    0x0548                  CMP3CON = 0x548
                    0x0548                  _CMP3CON = 0x548
                    0x0548                  _CMP3CONbits = 0x548
                    0x054a                  CMP3DAC = 0x54a
                    0x054a                  _CMP3DAC = 0x54a
                    0x054a                  _CMP3DACbits = 0x54a
                    0x054c                  CMP4CON = 0x54c
                    0x054c                  _CMP4CON = 0x54c
                    0x054c                  _CMP4CONbits = 0x54c
                    0x054e                  CMP4DAC = 0x54e
                    0x054e                  _CMP4DAC = 0x54e
                    0x054e                  _CMP4DACbits = 0x54e
                    0x0670                  RPOR0 = 0x670
                    0x0670                  _RPOR0 = 0x670
                    0x0670                  _RPOR0bits = 0x670
                    0x0672                  RPOR1 = 0x672
                    0x0672                  _RPOR1 = 0x672
                    0x0672                  _RPOR1bits = 0x672
                    0x0674                  RPOR2 = 0x674
                    0x0674                  _RPOR2 = 0x674
                    0x0674                  _RPOR2bits = 0x674
                    0x0676                  RPOR3 = 0x676
                    0x0676                  _RPOR3 = 0x676
                    0x0676                  _RPOR3bits = 0x676
                    0x0678                  RPOR4 = 0x678
                    0x0678                  _RPOR4 = 0x678
                    0x0678                  _RPOR4bits = 0x678
                    0x067a                  RPOR5 = 0x67a
                    0x067a                  _RPOR5 = 0x67a
                    0x067a                  _RPOR5bits = 0x67a
                    0x067c                  RPOR6 = 0x67c
                    0x067c                  _RPOR6 = 0x67c
                    0x067c                  _RPOR6bits = 0x67c
                    0x067e                  RPOR7 = 0x67e
                    0x067e                  _RPOR7 = 0x67e
                    0x067e                  _RPOR7bits = 0x67e
                    0x0680                  RPOR8 = 0x680
                    0x0680                  _RPOR8 = 0x680
                    0x0680                  _RPOR8bits = 0x680
                    0x0682                  RPOR9 = 0x682
                    0x0682                  _RPOR9 = 0x682
                    0x0682                  _RPOR9bits = 0x682
                    0x0684                  RPOR10 = 0x684
                    0x0684                  _RPOR10 = 0x684
                    0x0684                  _RPOR10bits = 0x684
                    0x0686                  RPOR11 = 0x686
                    0x0686                  _RPOR11 = 0x686
                    0x0686                  _RPOR11bits = 0x686
                    0x0688                  RPOR12 = 0x688
                    0x0688                  _RPOR12 = 0x688
                    0x0688                  _RPOR12bits = 0x688
                    0x068a                  RPOR13 = 0x68a
                    0x068a                  _RPOR13 = 0x68a
                    0x068a                  _RPOR13bits = 0x68a
                    0x068c                  RPOR14 = 0x68c
                    0x068c                  _RPOR14 = 0x68c
                    0x068c                  _RPOR14bits = 0x68c
                    0x068e                  RPOR15 = 0x68e
                    0x068e                  _RPOR15 = 0x68e
                    0x0690                  RPOR16 = 0x690
                    0x0690                  _RPOR16 = 0x690
                    0x0690                  _RPOR16bits = 0x690
                    0x0692                  RPOR17 = 0x692
                    0x0692                  _RPOR17 = 0x692
                    0x0692                  _RPOR17bits = 0x692
                    0x0694                  RPOR18 = 0x694
                    0x0694                  _RPOR18 = 0x694
                    0x0694                  _RPOR18bits = 0x694
                    0x06a0                  RPINR0 = 0x6a0
                    0x06a0                  _RPINR0 = 0x6a0
                    0x06a0                  _RPINR0bits = 0x6a0
                    0x06a2                  RPINR1 = 0x6a2
                    0x06a2                  _RPINR1 = 0x6a2
                    0x06a2                  _RPINR1bits = 0x6a2
                    0x06a4                  RPINR2 = 0x6a4
                    0x06a4                  _RPINR2 = 0x6a4
                    0x06a4                  _RPINR2bits = 0x6a4
                    0x06a6                  RPINR3 = 0x6a6
                    0x06a6                  _RPINR3 = 0x6a6
                    0x06a6                  _RPINR3bits = 0x6a6
                    0x06ae                  RPINR7 = 0x6ae
                    0x06ae                  _RPINR7 = 0x6ae
                    0x06ae                  _RPINR7bits = 0x6ae
                    0x06b0                  RPINR8 = 0x6b0
                    0x06b0                  _RPINR8 = 0x6b0
                    0x06b0                  _RPINR8bits = 0x6b0
                    0x06b6                  RPINR11 = 0x6b6
                    0x06b6                  _RPINR11 = 0x6b6
                    0x06b6                  _RPINR11bits = 0x6b6
                    0x06b8                  RPINR12 = 0x6b8
                    0x06b8                  _RPINR12 = 0x6b8
                    0x06b8                  _RPINR12bits = 0x6b8
                    0x06ba                  RPINR13 = 0x6ba
                    0x06ba                  _RPINR13 = 0x6ba
                    0x06ba                  _RPINR13bits = 0x6ba
                    0x06c4                  RPINR18 = 0x6c4
                    0x06c4                  _RPINR18 = 0x6c4
                    0x06c4                  _RPINR18bits = 0x6c4
                    0x06c6                  RPINR19 = 0x6c6
                    0x06c6                  _RPINR19 = 0x6c6
                    0x06c6                  _RPINR19bits = 0x6c6
                    0x06c8                  RPINR20 = 0x6c8
                    0x06c8                  _RPINR20 = 0x6c8
                    0x06c8                  _RPINR20bits = 0x6c8
                    0x06ca                  RPINR21 = 0x6ca
                    0x06ca                  _RPINR21 = 0x6ca
                    0x06ca                  _RPINR21bits = 0x6ca
                    0x06cc                  RPINR22 = 0x6cc
                    0x06cc                  _RPINR22 = 0x6cc
                    0x06cc                  _RPINR22bits = 0x6cc
                    0x06ce                  RPINR23 = 0x6ce
                    0x06ce                  _RPINR23 = 0x6ce
                    0x06ce                  _RPINR23bits = 0x6ce
                    0x06ea                  RPINR37 = 0x6ea
                    0x06ea                  _RPINR37 = 0x6ea
                    0x06ea                  _RPINR37bits = 0x6ea
                    0x06ec                  RPINR38 = 0x6ec
                    0x06ec                  _RPINR38 = 0x6ec
                    0x06ec                  _RPINR38bits = 0x6ec
                    0x06f4                  RPINR42 = 0x6f4
                    0x06f4                  _RPINR42 = 0x6f4
                    0x06f4                  _RPINR42bits = 0x6f4
                    0x06f6                  RPINR43 = 0x6f6
                    0x06f6                  _RPINR43 = 0x6f6
                    0x06f6                  _RPINR43bits = 0x6f6
                    0x0728                  NVMCON = 0x728
                    0x0728                  _NVMCON = 0x728
                    0x0728                  _NVMCONbits = 0x728
                    0x072a                  NVMADR = 0x72a
                    0x072a                  _NVMADR = 0x72a
                    0x072a                  _NVMADRbits = 0x72a
                    0x072a                  NVMADRL = 0x72a
                    0x072a                  _NVMADRL = 0x72a
                    0x072a                  _NVMADRLbits = 0x72a
                    0x072c                  NVMADRH = 0x72c
                    0x072c                  _NVMADRH = 0x72c
                    0x072c                  _NVMADRHbits = 0x72c
                    0x072c                  NVMADRU = 0x72c
                    0x072c                  _NVMADRU = 0x72c
                    0x072c                  _NVMADRUbits = 0x72c
                    0x072e                  NVMKEY = 0x72e
                    0x072e                  _NVMKEY = 0x72e
                    0x0730                  NVMSRCADDR = 0x730
                    0x0730                  _NVMSRCADDR = 0x730
                    0x0730                  _NVMSRCADDRbits = 0x730
                    0x0730                  NVMSRCADR = 0x730
                    0x0730                  _NVMSRCADR = 0x730
                    0x0730                  _NVMSRCADRbits = 0x730
                    0x0730                  NVMSRCADRL = 0x730
                    0x0730                  _NVMSRCADRL = 0x730
                    0x0730                  _NVMSRCADRLbits = 0x730
                    0x0732                  NVMSRCADRH = 0x732
                    0x0732                  _NVMSRCADRH = 0x732
                    0x0732                  _NVMSRCADRHbits = 0x732
                    0x0740                  RCON = 0x740
                    0x0740                  _RCON = 0x740
                    0x0740                  _RCONbits = 0x740
                    0x0742                  OSCCON = 0x742
                    0x0742                  _OSCCON = 0x742
                    0x0742                  _OSCCONbits = 0x742
                    0x0742                  OSCCONL = 0x742
                    0x0742                  _OSCCONL = 0x742
                    0x0743                  OSCCONH = 0x743
                    0x0743                  _OSCCONH = 0x743
                    0x0744                  CLKDIV = 0x744
                    0x0744                  _CLKDIV = 0x744
                    0x0744                  _CLKDIVbits = 0x744
                    0x0746                  PLLFBD = 0x746
                    0x0746                  _PLLFBD = 0x746
                    0x0746                  _PLLFBDbits = 0x746
                    0x0748                  OSCTUN = 0x748
                    0x0748                  _OSCTUN = 0x748
                    0x0748                  _OSCTUNbits = 0x748
                    0x074c                  LFSR = 0x74c
                    0x074c                  _LFSR = 0x74c
                    0x074c                  _LFSRbits = 0x74c
                    0x074e                  REFOCON = 0x74e
                    0x074e                  _REFOCON = 0x74e
                    0x074e                  _REFOCONbits = 0x74e
                    0x0750                  ACLKCON = 0x750
                    0x0750                  _ACLKCON = 0x750
                    0x0750                  _ACLKCONbits = 0x750
                    0x0760                  PMD1 = 0x760
                    0x0760                  _PMD1 = 0x760
                    0x0760                  _PMD1bits = 0x760
                    0x0762                  PMD2 = 0x762
                    0x0762                  _PMD2 = 0x762
                    0x0762                  _PMD2bits = 0x762
                    0x0764                  PMD3 = 0x764
                    0x0764                  _PMD3 = 0x764
                    0x0764                  _PMD3bits = 0x764
                    0x0766                  PMD4 = 0x766
                    0x0766                  _PMD4 = 0x766
                    0x0766                  _PMD4bits = 0x766
                    0x076a                  PMD6 = 0x76a
                    0x076a                  _PMD6 = 0x76a
                    0x076a                  _PMD6bits = 0x76a
                    0x076c                  PMD7 = 0x76c
                    0x076c                  _PMD7 = 0x76c
                    0x076c                  _PMD7bits = 0x76c
                    0x076e                  PMD8 = 0x76e
                    0x076e                  _PMD8 = 0x76e
                    0x076e                  _PMD8bits = 0x76e
                    0x0800                  IFS0 = 0x800
                    0x0800                  _IFS0 = 0x800
                    0x0800                  _IFS0bits = 0x800
                    0x0802                  IFS1 = 0x802
                    0x0802                  _IFS1 = 0x802
                    0x0802                  _IFS1bits = 0x802
                    0x0804                  IFS2 = 0x804
                    0x0804                  _IFS2 = 0x804
                    0x0804                  _IFS2bits = 0x804
                    0x0806                  IFS3 = 0x806
                    0x0806                  _IFS3 = 0x806
                    0x0806                  _IFS3bits = 0x806
                    0x0808                  IFS4 = 0x808
                    0x0808                  _IFS4 = 0x808
                    0x0808                  _IFS4bits = 0x808
                    0x080a                  IFS5 = 0x80a
                    0x080a                  _IFS5 = 0x80a
                    0x080a                  _IFS5bits = 0x80a
                    0x080c                  IFS6 = 0x80c
                    0x080c                  _IFS6 = 0x80c
                    0x080c                  _IFS6bits = 0x80c
                    0x080e                  IFS7 = 0x80e
                    0x080e                  _IFS7 = 0x80e
                    0x080e                  _IFS7bits = 0x80e
                    0x0810                  IFS8 = 0x810
                    0x0810                  _IFS8 = 0x810
                    0x0810                  _IFS8bits = 0x810
                    0x0812                  IFS9 = 0x812
                    0x0812                  _IFS9 = 0x812
                    0x0812                  _IFS9bits = 0x812
                    0x0814                  IFS10 = 0x814
                    0x0814                  _IFS10 = 0x814
                    0x0814                  _IFS10bits = 0x814
                    0x0816                  IFS11 = 0x816
                    0x0816                  _IFS11 = 0x816
                    0x0816                  _IFS11bits = 0x816
                    0x0820                  IEC0 = 0x820
                    0x0820                  _IEC0 = 0x820
                    0x0820                  _IEC0bits = 0x820
                    0x0822                  IEC1 = 0x822
                    0x0822                  _IEC1 = 0x822
                    0x0822                  _IEC1bits = 0x822
                    0x0824                  IEC2 = 0x824
                    0x0824                  _IEC2 = 0x824
                    0x0824                  _IEC2bits = 0x824
                    0x0826                  IEC3 = 0x826
                    0x0826                  _IEC3 = 0x826
                    0x0826                  _IEC3bits = 0x826
                    0x0828                  IEC4 = 0x828
                    0x0828                  _IEC4 = 0x828
                    0x0828                  _IEC4bits = 0x828
                    0x082a                  IEC5 = 0x82a
                    0x082a                  _IEC5 = 0x82a
                    0x082a                  _IEC5bits = 0x82a
                    0x082c                  IEC6 = 0x82c
                    0x082c                  _IEC6 = 0x82c
                    0x082c                  _IEC6bits = 0x82c
                    0x082e                  IEC7 = 0x82e
                    0x082e                  _IEC7 = 0x82e
                    0x082e                  _IEC7bits = 0x82e
                    0x0830                  IEC8 = 0x830
                    0x0830                  _IEC8 = 0x830
                    0x0830                  _IEC8bits = 0x830
                    0x0832                  IEC9 = 0x832
                    0x0832                  _IEC9 = 0x832
                    0x0832                  _IEC9bits = 0x832
                    0x0834                  IEC10 = 0x834
                    0x0834                  _IEC10 = 0x834
                    0x0834                  _IEC10bits = 0x834
                    0x0836                  IEC11 = 0x836
                    0x0836                  _IEC11 = 0x836
                    0x0836                  _IEC11bits = 0x836
                    0x0840                  IPC0 = 0x840
                    0x0840                  _IPC0 = 0x840
                    0x0840                  _IPC0bits = 0x840
                    0x0842                  IPC1 = 0x842
                    0x0842                  _IPC1 = 0x842
                    0x0842                  _IPC1bits = 0x842
                    0x0844                  IPC2 = 0x844
                    0x0844                  _IPC2 = 0x844
                    0x0844                  _IPC2bits = 0x844
                    0x0846                  IPC3 = 0x846
                    0x0846                  _IPC3 = 0x846
                    0x0846                  _IPC3bits = 0x846
                    0x0848                  IPC4 = 0x848
                    0x0848                  _IPC4 = 0x848
                    0x0848                  _IPC4bits = 0x848
                    0x084a                  IPC5 = 0x84a
                    0x084a                  _IPC5 = 0x84a
                    0x084a                  _IPC5bits = 0x84a
                    0x084c                  IPC6 = 0x84c
                    0x084c                  _IPC6 = 0x84c
                    0x084c                  _IPC6bits = 0x84c
                    0x084e                  IPC7 = 0x84e
                    0x084e                  _IPC7 = 0x84e
                    0x084e                  _IPC7bits = 0x84e
                    0x0850                  IPC8 = 0x850
                    0x0850                  _IPC8 = 0x850
                    0x0850                  _IPC8bits = 0x850
                    0x0852                  IPC9 = 0x852
                    0x0852                  _IPC9 = 0x852
                    0x0852                  _IPC9bits = 0x852
                    0x0858                  IPC12 = 0x858
                    0x0858                  _IPC12 = 0x858
                    0x0858                  _IPC12bits = 0x858
                    0x085a                  IPC13 = 0x85a
                    0x085a                  _IPC13 = 0x85a
                    0x085a                  _IPC13bits = 0x85a
                    0x085c                  IPC14 = 0x85c
                    0x085c                  _IPC14 = 0x85c
                    0x085c                  _IPC14bits = 0x85c
                    0x0860                  IPC16 = 0x860
                    0x0860                  _IPC16 = 0x860
                    0x0860                  _IPC16bits = 0x860
                    0x0864                  IPC18 = 0x864
                    0x0864                  _IPC18 = 0x864
                    0x0864                  _IPC18bits = 0x864
                    0x086e                  IPC23 = 0x86e
                    0x086e                  _IPC23 = 0x86e
                    0x086e                  _IPC23bits = 0x86e
                    0x0870                  IPC24 = 0x870
                    0x0870                  _IPC24 = 0x870
                    0x0870                  _IPC24bits = 0x870
                    0x0872                  IPC25 = 0x872
                    0x0872                  _IPC25 = 0x872
                    0x0872                  _IPC25bits = 0x872
                    0x0874                  IPC26 = 0x874
                    0x0874                  _IPC26 = 0x874
                    0x0874                  _IPC26bits = 0x874
                    0x0876                  IPC27 = 0x876
                    0x0876                  _IPC27 = 0x876
                    0x0876                  _IPC27bits = 0x876
                    0x0878                  IPC28 = 0x878
                    0x0878                  _IPC28 = 0x878
                    0x0878                  _IPC28bits = 0x878
                    0x087a                  IPC29 = 0x87a
                    0x087a                  _IPC29 = 0x87a
                    0x087a                  _IPC29bits = 0x87a
                    0x0886                  IPC35 = 0x886
                    0x0886                  _IPC35 = 0x886
                    0x0886                  _IPC35bits = 0x886
                    0x088a                  IPC37 = 0x88a
                    0x088a                  _IPC37 = 0x88a
                    0x088a                  _IPC37bits = 0x88a
                    0x088c                  IPC38 = 0x88c
                    0x088c                  _IPC38 = 0x88c
                    0x088c                  _IPC38bits = 0x88c
                    0x088e                  IPC39 = 0x88e
                    0x088e                  _IPC39 = 0x88e
                    0x088e                  _IPC39bits = 0x88e
                    0x0890                  IPC40 = 0x890
                    0x0890                  _IPC40 = 0x890
                    0x0890                  _IPC40bits = 0x890
                    0x0892                  IPC41 = 0x892
                    0x0892                  _IPC41 = 0x892
                    0x0892                  _IPC41bits = 0x892
                    0x0896                  IPC43 = 0x896
                    0x0896                  _IPC43 = 0x896
                    0x0896                  _IPC43bits = 0x896
                    0x0898                  IPC44 = 0x898
                    0x0898                  _IPC44 = 0x898
                    0x0898                  _IPC44bits = 0x898
                    0x089a                  IPC45 = 0x89a
                    0x089a                  _IPC45 = 0x89a
                    0x089a                  _IPC45bits = 0x89a
                    0x08c0                  INTCON1 = 0x8c0
                    0x08c0                  _INTCON1 = 0x8c0
                    0x08c0                  _INTCON1bits = 0x8c0
                    0x08c2                  INTCON2 = 0x8c2
                    0x08c2                  _INTCON2 = 0x8c2
                    0x08c2                  _INTCON2bits = 0x8c2
                    0x08c4                  INTCON3 = 0x8c4
                    0x08c4                  _INTCON3 = 0x8c4
                    0x08c4                  _INTCON3bits = 0x8c4
                    0x08c6                  INTCON4 = 0x8c6
                    0x08c6                  _INTCON4 = 0x8c6
                    0x08c6                  _INTCON4bits = 0x8c6
                    0x08c8                  INTTREG = 0x8c8
                    0x08c8                  _INTTREG = 0x8c8
                    0x08c8                  _INTTREGbits = 0x8c8
                    0x0900                  OC1CON1 = 0x900
                    0x0900                  _OC1CON1 = 0x900
                    0x0900                  _OC1CON1bits = 0x900
                    0x0902                  OC1CON2 = 0x902
                    0x0902                  _OC1CON2 = 0x902
                    0x0902                  _OC1CON2bits = 0x902
                    0x0904                  OC1RS = 0x904
                    0x0904                  _OC1RS = 0x904
                    0x0906                  OC1R = 0x906
                    0x0906                  _OC1R = 0x906
                    0x0908                  OC1TMR = 0x908
                    0x0908                  _OC1TMR = 0x908
                    0x090a                  OC2CON1 = 0x90a
                    0x090a                  _OC2CON1 = 0x90a
                    0x090a                  _OC2CON1bits = 0x90a
                    0x090c                  OC2CON2 = 0x90c
                    0x090c                  _OC2CON2 = 0x90c
                    0x090c                  _OC2CON2bits = 0x90c
                    0x090e                  OC2RS = 0x90e
                    0x090e                  _OC2RS = 0x90e
                    0x0910                  OC2R = 0x910
                    0x0910                  _OC2R = 0x910
                    0x0912                  OC2TMR = 0x912
                    0x0912                  _OC2TMR = 0x912
                    0x0914                  OC3CON1 = 0x914
                    0x0914                  _OC3CON1 = 0x914
                    0x0914                  _OC3CON1bits = 0x914
                    0x0916                  OC3CON2 = 0x916
                    0x0916                  _OC3CON2 = 0x916
                    0x0916                  _OC3CON2bits = 0x916
                    0x0918                  OC3RS = 0x918
                    0x0918                  _OC3RS = 0x918
                    0x091a                  OC3R = 0x91a
                    0x091a                  _OC3R = 0x91a
                    0x091c                  OC3TMR = 0x91c
                    0x091c                  _OC3TMR = 0x91c
                    0x091e                  OC4CON1 = 0x91e
                    0x091e                  _OC4CON1 = 0x91e
                    0x091e                  _OC4CON1bits = 0x91e
                    0x0920                  OC4CON2 = 0x920
                    0x0920                  _OC4CON2 = 0x920
                    0x0920                  _OC4CON2bits = 0x920
                    0x0922                  OC4RS = 0x922
                    0x0922                  _OC4RS = 0x922
                    0x0924                  OC4R = 0x924
                    0x0924                  _OC4R = 0x924
                    0x0926                  OC4TMR = 0x926
                    0x0926                  _OC4TMR = 0x926
                    0x0c00                  PTCON = 0xc00
                    0x0c00                  _PTCON = 0xc00
                    0x0c00                  _PTCONbits = 0xc00
                    0x0c02                  PTCON2 = 0xc02
                    0x0c02                  _PTCON2 = 0xc02
                    0x0c02                  _PTCON2bits = 0xc02
                    0x0c04                  PTPER = 0xc04
                    0x0c04                  _PTPER = 0xc04
                    0x0c06                  SEVTCMP = 0xc06
                    0x0c06                  _SEVTCMP = 0xc06
                    0x0c06                  _SEVTCMPbits = 0xc06
                    0x0c0a                  MDC = 0xc0a
                    0x0c0a                  _MDC = 0xc0a
                    0x0c0e                  STCON = 0xc0e
                    0x0c0e                  _STCON = 0xc0e
                    0x0c0e                  _STCONbits = 0xc0e
                    0x0c10                  STCON2 = 0xc10
                    0x0c10                  _STCON2 = 0xc10
                    0x0c10                  _STCON2bits = 0xc10
                    0x0c12                  STPER = 0xc12
                    0x0c12                  _STPER = 0xc12
                    0x0c14                  SSEVTCMP = 0xc14
                    0x0c14                  _SSEVTCMP = 0xc14
                    0x0c14                  _SSEVTCMPbits = 0xc14
                    0x0c1a                  CHOP = 0xc1a
                    0x0c1a                  _CHOP = 0xc1a
                    0x0c1a                  _CHOPbits = 0xc1a
                    0x0c1e                  PWMKEY = 0xc1e
                    0x0c1e                  _PWMKEY = 0xc1e
                    0x0c20                  PWMCON1 = 0xc20
                    0x0c20                  _PWMCON1 = 0xc20
                    0x0c20                  _PWMCON1bits = 0xc20
                    0x0c22                  IOCON1 = 0xc22
                    0x0c22                  _IOCON1 = 0xc22
                    0x0c22                  _IOCON1bits = 0xc22
                    0x0c24                  FCLCON1 = 0xc24
                    0x0c24                  _FCLCON1 = 0xc24
                    0x0c24                  _FCLCON1bits = 0xc24
                    0x0c26                  PDC1 = 0xc26
                    0x0c26                  _PDC1 = 0xc26
                    0x0c28                  PHASE1 = 0xc28
                    0x0c28                  _PHASE1 = 0xc28
                    0x0c2a                  DTR1 = 0xc2a
                    0x0c2a                  _DTR1 = 0xc2a
                    0x0c2c                  ALTDTR1 = 0xc2c
                    0x0c2c                  _ALTDTR1 = 0xc2c
                    0x0c2e                  SDC1 = 0xc2e
                    0x0c2e                  _SDC1 = 0xc2e
                    0x0c30                  SPHASE1 = 0xc30
                    0x0c30                  _SPHASE1 = 0xc30
                    0x0c32                  TRIG1 = 0xc32
                    0x0c32                  _TRIG1 = 0xc32
                    0x0c32                  _TRIG1bits = 0xc32
                    0x0c34                  TRGCON1 = 0xc34
                    0x0c34                  _TRGCON1 = 0xc34
                    0x0c34                  _TRGCON1bits = 0xc34
                    0x0c36                  STRIG1 = 0xc36
                    0x0c36                  _STRIG1 = 0xc36
                    0x0c36                  _STRIG1bits = 0xc36
                    0x0c38                  PWMCAP1 = 0xc38
                    0x0c38                  _PWMCAP1 = 0xc38
                    0x0c38                  _PWMCAP1bits = 0xc38
                    0x0c3a                  LEBCON1 = 0xc3a
                    0x0c3a                  _LEBCON1 = 0xc3a
                    0x0c3a                  _LEBCON1bits = 0xc3a
                    0x0c3c                  LEBDLY1 = 0xc3c
                    0x0c3c                  _LEBDLY1 = 0xc3c
                    0x0c3c                  _LEBDLY1bits = 0xc3c
                    0x0c3e                  AUXCON1 = 0xc3e
                    0x0c3e                  _AUXCON1 = 0xc3e
                    0x0c3e                  _AUXCON1bits = 0xc3e
                    0x0c40                  PWMCON2 = 0xc40
                    0x0c40                  _PWMCON2 = 0xc40
                    0x0c40                  _PWMCON2bits = 0xc40
                    0x0c42                  IOCON2 = 0xc42
                    0x0c42                  _IOCON2 = 0xc42
                    0x0c42                  _IOCON2bits = 0xc42
                    0x0c44                  FCLCON2 = 0xc44
                    0x0c44                  _FCLCON2 = 0xc44
                    0x0c44                  _FCLCON2bits = 0xc44
                    0x0c46                  PDC2 = 0xc46
                    0x0c46                  _PDC2 = 0xc46
                    0x0c48                  PHASE2 = 0xc48
                    0x0c48                  _PHASE2 = 0xc48
                    0x0c4a                  DTR2 = 0xc4a
                    0x0c4a                  _DTR2 = 0xc4a
                    0x0c4c                  ALTDTR2 = 0xc4c
                    0x0c4c                  _ALTDTR2 = 0xc4c
                    0x0c4e                  SDC2 = 0xc4e
                    0x0c4e                  _SDC2 = 0xc4e
                    0x0c50                  SPHASE2 = 0xc50
                    0x0c50                  _SPHASE2 = 0xc50
                    0x0c52                  TRIG2 = 0xc52
                    0x0c52                  _TRIG2 = 0xc52
                    0x0c52                  _TRIG2bits = 0xc52
                    0x0c54                  TRGCON2 = 0xc54
                    0x0c54                  _TRGCON2 = 0xc54
                    0x0c54                  _TRGCON2bits = 0xc54
                    0x0c56                  STRIG2 = 0xc56
                    0x0c56                  _STRIG2 = 0xc56
                    0x0c56                  _STRIG2bits = 0xc56
                    0x0c58                  PWMCAP2 = 0xc58
                    0x0c58                  _PWMCAP2 = 0xc58
                    0x0c58                  _PWMCAP2bits = 0xc58
                    0x0c5a                  LEBCON2 = 0xc5a
                    0x0c5a                  _LEBCON2 = 0xc5a
                    0x0c5a                  _LEBCON2bits = 0xc5a
                    0x0c5c                  LEBDLY2 = 0xc5c
                    0x0c5c                  _LEBDLY2 = 0xc5c
                    0x0c5c                  _LEBDLY2bits = 0xc5c
                    0x0c5e                  AUXCON2 = 0xc5e
                    0x0c5e                  _AUXCON2 = 0xc5e
                    0x0c5e                  _AUXCON2bits = 0xc5e
                    0x0c60                  PWMCON3 = 0xc60
                    0x0c60                  _PWMCON3 = 0xc60
                    0x0c60                  _PWMCON3bits = 0xc60
                    0x0c62                  IOCON3 = 0xc62
                    0x0c62                  _IOCON3 = 0xc62
                    0x0c62                  _IOCON3bits = 0xc62
                    0x0c64                  FCLCON3 = 0xc64
                    0x0c64                  _FCLCON3 = 0xc64
                    0x0c64                  _FCLCON3bits = 0xc64
                    0x0c66                  PDC3 = 0xc66
                    0x0c66                  _PDC3 = 0xc66
                    0x0c68                  PHASE3 = 0xc68
                    0x0c68                  _PHASE3 = 0xc68
                    0x0c6a                  DTR3 = 0xc6a
                    0x0c6a                  _DTR3 = 0xc6a
                    0x0c6c                  ALTDTR3 = 0xc6c
                    0x0c6c                  _ALTDTR3 = 0xc6c
                    0x0c6e                  SDC3 = 0xc6e
                    0x0c6e                  _SDC3 = 0xc6e
                    0x0c70                  SPHASE3 = 0xc70
                    0x0c70                  _SPHASE3 = 0xc70
                    0x0c72                  TRIG3 = 0xc72
                    0x0c72                  _TRIG3 = 0xc72
                    0x0c72                  _TRIG3bits = 0xc72
                    0x0c74                  TRGCON3 = 0xc74
                    0x0c74                  _TRGCON3 = 0xc74
                    0x0c74                  _TRGCON3bits = 0xc74
                    0x0c76                  STRIG3 = 0xc76
                    0x0c76                  _STRIG3 = 0xc76
                    0x0c76                  _STRIG3bits = 0xc76
                    0x0c78                  PWMCAP3 = 0xc78
                    0x0c78                  _PWMCAP3 = 0xc78
                    0x0c78                  _PWMCAP3bits = 0xc78
                    0x0c7a                  LEBCON3 = 0xc7a
                    0x0c7a                  _LEBCON3 = 0xc7a
                    0x0c7a                  _LEBCON3bits = 0xc7a
                    0x0c7c                  LEBDLY3 = 0xc7c
                    0x0c7c                  _LEBDLY3 = 0xc7c
                    0x0c7c                  _LEBDLY3bits = 0xc7c
                    0x0c7e                  AUXCON3 = 0xc7e
                    0x0c7e                  _AUXCON3 = 0xc7e
                    0x0c7e                  _AUXCON3bits = 0xc7e
                    0x0c80                  PWMCON4 = 0xc80
                    0x0c80                  _PWMCON4 = 0xc80
                    0x0c80                  _PWMCON4bits = 0xc80
                    0x0c82                  IOCON4 = 0xc82
                    0x0c82                  _IOCON4 = 0xc82
                    0x0c82                  _IOCON4bits = 0xc82
                    0x0c84                  FCLCON4 = 0xc84
                    0x0c84                  _FCLCON4 = 0xc84
                    0x0c84                  _FCLCON4bits = 0xc84
                    0x0c86                  PDC4 = 0xc86
                    0x0c86                  _PDC4 = 0xc86
                    0x0c88                  PHASE4 = 0xc88
                    0x0c88                  _PHASE4 = 0xc88
                    0x0c8a                  DTR4 = 0xc8a
                    0x0c8a                  _DTR4 = 0xc8a
                    0x0c8c                  ALTDTR4 = 0xc8c
                    0x0c8c                  _ALTDTR4 = 0xc8c
                    0x0c8e                  SDC4 = 0xc8e
                    0x0c8e                  _SDC4 = 0xc8e
                    0x0c90                  SPHASE4 = 0xc90
                    0x0c90                  _SPHASE4 = 0xc90
                    0x0c92                  TRIG4 = 0xc92
                    0x0c92                  _TRIG4 = 0xc92
                    0x0c92                  _TRIG4bits = 0xc92
                    0x0c94                  TRGCON4 = 0xc94
                    0x0c94                  _TRGCON4 = 0xc94
                    0x0c94                  _TRGCON4bits = 0xc94
                    0x0c96                  STRIG4 = 0xc96
                    0x0c96                  _STRIG4 = 0xc96
                    0x0c96                  _STRIG4bits = 0xc96
                    0x0c98                  PWMCAP4 = 0xc98
                    0x0c98                  _PWMCAP4 = 0xc98
                    0x0c98                  _PWMCAP4bits = 0xc98
                    0x0c9a                  LEBCON4 = 0xc9a
                    0x0c9a                  _LEBCON4 = 0xc9a
                    0x0c9a                  _LEBCON4bits = 0xc9a
                    0x0c9c                  LEBDLY4 = 0xc9c
                    0x0c9c                  _LEBDLY4 = 0xc9c
                    0x0c9c                  _LEBDLY4bits = 0xc9c
                    0x0c9e                  AUXCON4 = 0xc9e
                    0x0c9e                  _AUXCON4 = 0xc9e
                    0x0c9e                  _AUXCON4bits = 0xc9e
                    0x0ca0                  PWMCON5 = 0xca0
                    0x0ca0                  _PWMCON5 = 0xca0
                    0x0ca0                  _PWMCON5bits = 0xca0
                    0x0ca2                  IOCON5 = 0xca2
                    0x0ca2                  _IOCON5 = 0xca2
                    0x0ca2                  _IOCON5bits = 0xca2
                    0x0ca4                  FCLCON5 = 0xca4
                    0x0ca4                  _FCLCON5 = 0xca4
                    0x0ca4                  _FCLCON5bits = 0xca4
                    0x0ca6                  PDC5 = 0xca6
                    0x0ca6                  _PDC5 = 0xca6
                    0x0ca8                  PHASE5 = 0xca8
                    0x0ca8                  _PHASE5 = 0xca8
                    0x0caa                  DTR5 = 0xcaa
                    0x0caa                  _DTR5 = 0xcaa
                    0x0cac                  ALTDTR5 = 0xcac
                    0x0cac                  _ALTDTR5 = 0xcac
                    0x0cae                  SDC5 = 0xcae
                    0x0cae                  _SDC5 = 0xcae
                    0x0cb0                  SPHASE5 = 0xcb0
                    0x0cb0                  _SPHASE5 = 0xcb0
                    0x0cb2                  TRIG5 = 0xcb2
                    0x0cb2                  _TRIG5 = 0xcb2
                    0x0cb2                  _TRIG5bits = 0xcb2
                    0x0cb4                  TRGCON5 = 0xcb4
                    0x0cb4                  _TRGCON5 = 0xcb4
                    0x0cb4                  _TRGCON5bits = 0xcb4
                    0x0cb6                  STRIG5 = 0xcb6
                    0x0cb6                  _STRIG5 = 0xcb6
                    0x0cb6                  _STRIG5bits = 0xcb6
                    0x0cb8                  PWMCAP5 = 0xcb8
                    0x0cb8                  _PWMCAP5 = 0xcb8
                    0x0cb8                  _PWMCAP5bits = 0xcb8
                    0x0cba                  LEBCON5 = 0xcba
                    0x0cba                  _LEBCON5 = 0xcba
                    0x0cba                  _LEBCON5bits = 0xcba
                    0x0cbc                  LEBDLY5 = 0xcbc
                    0x0cbc                  _LEBDLY5 = 0xcbc
                    0x0cbc                  _LEBDLY5bits = 0xcbc
                    0x0cbe                  AUXCON5 = 0xcbe
                    0x0cbe                  _AUXCON5 = 0xcbe
                    0x0cbe                  _AUXCON5bits = 0xcbe
                    0x0e00                  TRISA = 0xe00
                    0x0e00                  _TRISA = 0xe00
                    0x0e00                  _TRISAbits = 0xe00
                    0x0e02                  PORTA = 0xe02
                    0x0e02                  _PORTA = 0xe02
                    0x0e02                  _PORTAbits = 0xe02
                    0x0e04                  LATA = 0xe04
                    0x0e04                  _LATA = 0xe04
                    0x0e04                  _LATAbits = 0xe04
                    0x0e06                  ODCA = 0xe06
                    0x0e06                  _ODCA = 0xe06
                    0x0e06                  _ODCAbits = 0xe06
                    0x0e08                  CNENA = 0xe08
                    0x0e08                  _CNENA = 0xe08
                    0x0e08                  _CNENAbits = 0xe08
                    0x0e0a                  CNPUA = 0xe0a
                    0x0e0a                  _CNPUA = 0xe0a
                    0x0e0a                  _CNPUAbits = 0xe0a
                    0x0e0c                  CNPDA = 0xe0c
                    0x0e0c                  _CNPDA = 0xe0c
                    0x0e0c                  _CNPDAbits = 0xe0c
                    0x0e0e                  ANSELA = 0xe0e
                    0x0e0e                  _ANSELA = 0xe0e
                    0x0e0e                  _ANSELAbits = 0xe0e
                    0x0e10                  TRISB = 0xe10
                    0x0e10                  _TRISB = 0xe10
                    0x0e10                  _TRISBbits = 0xe10
                    0x0e12                  PORTB = 0xe12
                    0x0e12                  _PORTB = 0xe12
                    0x0e12                  _PORTBbits = 0xe12
                    0x0e14                  LATB = 0xe14
                    0x0e14                  _LATB = 0xe14
                    0x0e14                  _LATBbits = 0xe14
                    0x0e16                  ODCB = 0xe16
                    0x0e16                  _ODCB = 0xe16
                    0x0e16                  _ODCBbits = 0xe16
                    0x0e18                  CNENB = 0xe18
                    0x0e18                  _CNENB = 0xe18
                    0x0e18                  _CNENBbits = 0xe18
                    0x0e1a                  CNPUB = 0xe1a
                    0x0e1a                  _CNPUB = 0xe1a
                    0x0e1a                  _CNPUBbits = 0xe1a
                    0x0e1c                  CNPDB = 0xe1c
                    0x0e1c                  _CNPDB = 0xe1c
                    0x0e1c                  _CNPDBbits = 0xe1c
                    0x0e1e                  ANSELB = 0xe1e
                    0x0e1e                  _ANSELB = 0xe1e
                    0x0e1e                  _ANSELBbits = 0xe1e
                    0x0e20                  TRISC = 0xe20
                    0x0e20                  _TRISC = 0xe20
                    0x0e20                  _TRISCbits = 0xe20
                    0x0e22                  PORTC = 0xe22
                    0x0e22                  _PORTC = 0xe22
                    0x0e22                  _PORTCbits = 0xe22
                    0x0e24                  LATC = 0xe24
                    0x0e24                  _LATC = 0xe24
                    0x0e24                  _LATCbits = 0xe24
                    0x0e26                  ODCC = 0xe26
                    0x0e26                  _ODCC = 0xe26
                    0x0e26                  _ODCCbits = 0xe26
                    0x0e28                  CNENC = 0xe28
                    0x0e28                  _CNENC = 0xe28
                    0x0e28                  _CNENCbits = 0xe28
                    0x0e2a                  CNPUC = 0xe2a
                    0x0e2a                  _CNPUC = 0xe2a
                    0x0e2a                  _CNPUCbits = 0xe2a
                    0x0e2c                  CNPDC = 0xe2c
                    0x0e2c                  _CNPDC = 0xe2c
                    0x0e2c                  _CNPDCbits = 0xe2c
                    0x0e2e                  ANSELC = 0xe2e
                    0x0e2e                  _ANSELC = 0xe2e
                    0x0e2e                  _ANSELCbits = 0xe2e
                    0x0fa0                  _APPO = 0xfa0
                    0x0fa0                  __APPO = 0xfa0
                    0x0fa2                  _APPIN = 0xfa2
                    0x0fa2                  __APPIN = 0xfa2
                    0x0fa4                  APPS = 0xfa4
                    0x0fa4                  _APPS = 0xfa4
                    0x0fa4                  _APPSbits = 0xfa4
                    0x0fa6                  STROUTL = 0xfa6
                    0x0fa6                  _STROUTL = 0xfa6
                    0x0fa8                  STROUTH = 0xfa8
                    0x0fa8                  _STROUTH = 0xfa8
                    0x0faa                  STROVCNT = 0xfaa
                    0x0faa                  _STROVCNT = 0xfaa
                    0x0ff0                  JDATAH = 0xff0
                    0x0ff0                  _JDATAH = 0xff0
                    0x0ff2                  JDATAL = 0xff2
                    0x0ff2                  _JDATAL = 0xff2
                    0x0022                  ACCA = 0x22
                    0x0022                  _ACCA = 0x22
                    0x0028                  ACCB = 0x28
                    0x0028                  _ACCB = 0x28
                    0x0144                  IC1 = 0x144
                    0x0144                  _IC1 = 0x144
                    0x014c                  IC2 = 0x14c
                    0x014c                  _IC2 = 0x14c
                    0x0154                  IC3 = 0x154
                    0x0154                  _IC3 = 0x154
                    0x015c                  IC4 = 0x15c
                    0x015c                  _IC4 = 0x15c
                    0x0904                  OC1 = 0x904
                    0x0904                  _OC1 = 0x904
                    0x090e                  OC2 = 0x90e
                    0x090e                  _OC2 = 0x90e
                    0x0918                  OC3 = 0x918
                    0x0918                  _OC3 = 0x918
                    0x0922                  OC4 = 0x922
                    0x0922                  _OC4 = 0x922
                    0x0240                  SPI1 = 0x240
                    0x0240                  _SPI1 = 0x240
                    0x0260                  SPI2 = 0x260
                    0x0260                  _SPI2 = 0x260
                    0x0220                  UART1 = 0x220
                    0x0220                  _UART1 = 0x220
                    0x0230                  UART2 = 0x230
                    0x0230                  _UART2 = 0x230
START GROUP
LOAD c:/program files (x86)/microchip/xc16/v1.33/bin/bin/../../lib\liblega-pic30-elf.a
LOAD c:/program files (x86)/microchip/xc16/v1.33/bin/bin/../../lib\libm-elf.a
LOAD c:/program files (x86)/microchip/xc16/v1.33/bin/bin/../../lib\liblega-c-elf.a
END GROUP
OUTPUT(dist/default/debug/VMC_BUCK.X.debug.elf elf32-pic30)
LOAD FSEC
LOAD default_isr
LOAD data_init

.debug_pubtypes
                  0x0000d8        0x9d1
 .debug_pubtypes
                  0x0000d8         0x12 build/default/debug/src/lcd_display.o
 .debug_pubtypes
                  0x0000ea         0x3e build/default/debug/src/main.o
 .debug_pubtypes
                  0x000128         0x82 build/default/debug/src/control.o
 .debug_pubtypes
                  0x0001aa         0xd5 build/default/debug/src/low_pri_interrupts.o
 .debug_pubtypes
                  0x00027f         0x12 build/default/debug/src/configurationbits.o
 .debug_pubtypes
                  0x000291         0x12 build/default/debug/src/lcd.o
 .debug_pubtypes
                  0x0002a3        0x117 build/default/debug/src/init_uart.o
 .debug_pubtypes
                  0x0003ba        0x41b build/default/debug/src/init_adc.o
 .debug_pubtypes
                  0x0007d5         0x61 build/default/debug/src/init_osc.o
 .debug_pubtypes
                  0x000836        0x10c build/default/debug/src/init_pwm.o
 .debug_pubtypes
                  0x000942         0x95 build/default/debug/src/init_timer.o
 .debug_pubtypes
                  0x0009d7         0xc0 build/default/debug/src/init_gpio.o
 .debug_pubtypes
                  0x000a97         0x12 build/default/debug/src/C_source_template.o

__c30_signature
                  0x000aa9         0x60
 __c30_signature
                  0x000aa9          0x6 build/default/debug/src/lcd_display.o
 __c30_signature
                  0x000aaf          0x6 build/default/debug/src/main.o
 __c30_signature
                  0x000ab5          0x6 build/default/debug/src/control.o
 __c30_signature
                  0x000abb          0x6 build/default/debug/src/low_pri_interrupts.o
 __c30_signature
                  0x000ac1          0x6 build/default/debug/src/configurationbits.o
 __c30_signature
                  0x000ac7          0x6 build/default/debug/src/lcd.o
 __c30_signature
                  0x000acd          0x6 build/default/debug/src/init_uart.o
 __c30_signature
                  0x000ad3          0x6 build/default/debug/src/init_adc.o
 __c30_signature
                  0x000ad9          0x6 build/default/debug/src/init_osc.o
 __c30_signature
                  0x000adf          0x6 build/default/debug/src/init_pwm.o
 __c30_signature
                  0x000ae5          0x6 build/default/debug/src/init_timer.o
 __c30_signature
                  0x000aeb          0x6 build/default/debug/src/init_gpio.o
 __c30_signature
                  0x000af1          0x6 build/default/debug/src/C_source_template.o
 __c30_signature
                  0x000af7          0x6 c:/program files (x86)/microchip/xc16/v1.33/bin/bin/../../lib\liblega-pic30-elf.a(crt0_extendedep.o)
 __c30_signature
                  0x000afd          0x6 c:/program files (x86)/microchip/xc16/v1.33/bin/bin/../../lib\liblega-pic30-elf.a(data_init_extended.o)
 __c30_signature